// Jest Snapshot v1, https://goo.gl/fbAQLP

exports[`rendering full DOM for AddSongsToPlaylist Component 1`] = `ShallowWrapper {}`;
