// Jest Snapshot v1, https://goo.gl/fbAQLP

exports[`rendering full DOM for ManagePlaylists Component 1`] = `ShallowWrapper {}`;
