// Jest Snapshot v1, https://goo.gl/fbAQLP

exports[`rendering full DOM for ChangePassword Component 1`] = `ShallowWrapper {}`;
