// Jest Snapshot v1, https://goo.gl/fbAQLP

exports[`rendering full DOM for Login Component 1`] = `ShallowWrapper {}`;
