// Jest Snapshot v1, https://goo.gl/fbAQLP

exports[`rendering full DOM for TopPlaylistsChart Component 1`] = `ShallowWrapper {}`;
