// Jest Snapshot v1, https://goo.gl/fbAQLP

exports[`rendering full DOM for AddSongComponent Component 1`] = `ShallowWrapper {}`;
