// Jest Snapshot v1, https://goo.gl/fbAQLP

exports[`rendering full DOM for SongsLibrary Component 1`] = `ShallowWrapper {}`;
